### B — parking 250 km, 24 h, i=51.6 deg, mediane sur 5 runs
sans trainee          :    446 pas,    45.3 ms, a_fin = 6622056.787 m
HarrisPriester B=  101 :    446 pas (x1.00),    87.1 ms (x1.92), da =    -3424.5 m, dhp =    -3808.9 m
NRLMSISE00     B=  101 :    446 pas (x1.00),   182.5 ms (x4.03), da =    -4219.1 m, dhp =    -4560.3 m
HarrisPriester B=  455 :    446 pas (x1.00),    61.3 ms (x1.35), da =     -740.5 m, dhp =     -825.8 m
NRLMSISE00     B=  455 :    446 pas (x1.00),   168.9 ms (x3.73), da =     -908.2 m, dhp =     -984.7 m
### A — densite (kg/m3), equateur lon 0, 2026-03-01T12:00:00.000Z
HarrisPriester bande de validite : [100000, 1000000] m
alt(km)    HarrisPriester     NRLMSISE00         HP/MS   
0          LEVE: altitude (0 m) is below the 100,000 m allowed threshold 1.180292e+00      
10         LEVE: altitude (10,000 m) is below the 100,000 m allowed threshold 4.239342e-01      
30         LEVE: altitude (30,000 m) is below the 100,000 m allowed threshold 1.817574e-02      
60         LEVE: altitude (60,000 m) is below the 100,000 m allowed threshold 3.291144e-04      
90         LEVE: altitude (90,000 m) is below the 100,000 m allowed threshold 3.807629e-06      
100        4.974000e-07       6.907985e-07      
150        2.199931e-09       2.062070e-09      
200        3.063968e-10       3.266513e-10      
250        8.724831e-11       9.665025e-11      
400        6.642444e-12       6.779314e-12      
800        6.867693e-14       3.644509e-14      
1000       1.535348e-14       7.053947e-15      
1200       0.000000e+00       2.857376e-15      
1500       0.000000e+00       1.180740e-15      
F10.7 quotidien = 158.7
### C — ou casse le pas adaptatif, NRLMSISE00, B=101, 24 h demandees
alt0(km)   pas      t atteint    alt fin (km)   ms           issue
400        431      86400        392.6          171          OK
300        441      86400        299.2          196          OK
250        446      86400        250.4          288          OK
200        452      86400        183.7          226          OK
175        722      63360        -9.2           474          minimal step size (1.00E-03) reached, integration needs 9.10E-04
150        474      16140        -8.3           307          minimal step size (1.00E-03) reached, integration needs 9.62E-04
130        982497   43080        -30.1          487366       minimal step size (1.00E-03) reached, integration needs 9.15E-04
### C' — les memes, avec ReentryGuard arme (ce que la production fait)
alt0(km)   pas      t atteint    alt fin (km)   ms           issue
200        452      86400        183.7          245          OK
175        722      63360        -9.2           416          minimal step size (1.00E-03) reached, integration needs 9.10E-04
150        474      16140        -8.3           294          minimal step size (1.00E-03) reached, integration needs 9.62E-04
130        982497   43080        -30.1          512256       minimal step size (1.00E-03) reached, integration needs 9.15E-04
6 actionable tasks: 3 executed, 3 up-to-date
